Copyright 1986-2022 Xilinx, Inc. All Rights Reserved. Copyright 2022-2026 Advanced Micro Devices, Inc. All Rights Reserved.
---------------------------------------------------------------------------------------------------------------------------------------------------------------------------------------------------------------------------------
| Tool Version : Vivado v.2026.1 (win64) Build 6511674 Tue Jun 16 11:02:23 MDT 2026
| Date         : Sat Sep 12 23:07:50 2026
| Host         : DESKTOP-RD28RJ2 running 64-bit major release  (build 9200)
| Command      : report_timing_summary -max_paths 10 -routable_nets -report_unconstrained -file counter_timing_summary_routed.rpt -pb counter_timing_summary_routed.pb -rpx counter_timing_summary_routed.rpx -warn_on_violation
| Design       : counter
| Device       : 7vx485t-ffg1157
| Speed File   : -1  PRODUCTION 1.12 2014-09-11
| Design State : Routed
---------------------------------------------------------------------------------------------------------------------------------------------------------------------------------------------------------------------------------

Timing Summary Report

------------------------------------------------------------------------------------------------
| Timer Settings
| --------------
------------------------------------------------------------------------------------------------

  Enable Multi Corner Analysis               :  Yes
  Enable Pessimism Removal                   :  Yes
  Pessimism Removal Resolution               :  Nearest Common Node
  Enable Input Delay Default Clock           :  No
  Enable Preset / Clear Arcs                 :  No
  Disable Flight Delays                      :  No
  Ignore I/O Paths                           :  No
  Timing Early Launch at Borrowing Latches   :  No
  Borrow Time for Max Delay Exceptions       :  Yes
  Merge Timing Exceptions                    :  Yes
  Inter-SLR Compensation                     :  Conservative

  Corner  Analyze    Analyze    
  Name    Max Paths  Min Paths  
  ------  ---------  ---------  
  Slow    Yes        Yes        
  Fast    Yes        Yes        


------------------------------------------------------------------------------------------------
| Report Methodology
| ------------------
------------------------------------------------------------------------------------------------

Rule       Severity          Description                  Violations  
---------  ----------------  ---------------------------  ----------  
TIMING-17  Critical Warning  Non-clocked sequential cell  4           

Note: This report is based on the most recent report_methodology run and may not be up-to-date. Run report_methodology on the current design for the latest report.



check_timing report

Table of Contents
-----------------
1. checking no_clock (4)
2. checking constant_clock (0)
3. checking pulse_width_clock (0)
4. checking unconstrained_internal_endpoints (12)
5. checking no_input_delay (8)
6. checking no_output_delay (4)
7. checking multiple_clock (0)
8. checking generated_clocks (0)
9. checking loops (0)
10. checking partial_input_delay (0)
11. checking partial_output_delay (0)
12. checking latch_loops (0)

1. checking no_clock (4)
------------------------
 There are 4 register/latch pins with no clock driven by root clock pin: clk (HIGH)


2. checking constant_clock (0)
------------------------------
 There are 0 register/latch pins with constant_clock.


3. checking pulse_width_clock (0)
---------------------------------
 There are 0 register/latch pins which need pulse_width check


4. checking unconstrained_internal_endpoints (12)
-------------------------------------------------
 There are 12 pins that are not constrained for maximum delay. (HIGH)

 There are 0 pins that are not constrained for maximum delay due to constant clock.


5. checking no_input_delay (8)
------------------------------
 There are 8 input ports with no input delay specified. (HIGH)

 There are 0 input ports with no input delay but user has a false path constraint.


6. checking no_output_delay (4)
-------------------------------
 There are 4 ports with no output delay specified. (HIGH)

 There are 0 ports with no output delay but user has a false path constraint

 There are 0 ports with no output delay but with a timing clock defined on it or propagating through it


7. checking multiple_clock (0)
------------------------------
 There are 0 register/latch pins with multiple clocks.


8. checking generated_clocks (0)
--------------------------------
 There are 0 generated clocks that are not connected to a clock source.


9. checking loops (0)
---------------------
 There are 0 combinational loops in the design.


10. checking partial_input_delay (0)
------------------------------------
 There are 0 input ports with partial input delay specified.


11. checking partial_output_delay (0)
-------------------------------------
 There are 0 ports with partial output delay specified.


12. checking latch_loops (0)
----------------------------
 There are 0 combinational latch loops in the design through latch input



------------------------------------------------------------------------------------------------
| Design Timing Summary
| ---------------------
------------------------------------------------------------------------------------------------

    WNS(ns)      TNS(ns)  TNS Failing Endpoints  TNS Total Endpoints      WHS(ns)      THS(ns)  THS Failing Endpoints  THS Total Endpoints     WPWS(ns)     TPWS(ns)  TPWS Failing Endpoints  TPWS Total Endpoints  
    -------      -------  ---------------------  -------------------      -------      -------  ---------------------  -------------------     --------     --------  ----------------------  --------------------  
        inf        0.000                      0                   16          inf        0.000                      0                   16           NA           NA                      NA                    NA  


There are no user specified timing constraints.


------------------------------------------------------------------------------------------------
| Clock Summary
| -------------
------------------------------------------------------------------------------------------------


------------------------------------------------------------------------------------------------
| Intra Clock Table
| -----------------
------------------------------------------------------------------------------------------------

Clock             WNS(ns)      TNS(ns)  TNS Failing Endpoints  TNS Total Endpoints      WHS(ns)      THS(ns)  THS Failing Endpoints  THS Total Endpoints     WPWS(ns)     TPWS(ns)  TPWS Failing Endpoints  TPWS Total Endpoints  
-----             -------      -------  ---------------------  -------------------      -------      -------  ---------------------  -------------------     --------     --------  ----------------------  --------------------  


------------------------------------------------------------------------------------------------
| Inter Clock Table
| -----------------
------------------------------------------------------------------------------------------------

From Clock    To Clock          WNS(ns)      TNS(ns)  TNS Failing Endpoints  TNS Total Endpoints      WHS(ns)      THS(ns)  THS Failing Endpoints  THS Total Endpoints  
----------    --------          -------      -------  ---------------------  -------------------      -------      -------  ---------------------  -------------------  


------------------------------------------------------------------------------------------------
| Other Path Groups Table
| -----------------------
------------------------------------------------------------------------------------------------

Path Group    From Clock    To Clock          WNS(ns)      TNS(ns)  TNS Failing Endpoints  TNS Total Endpoints      WHS(ns)      THS(ns)  THS Failing Endpoints  THS Total Endpoints  
----------    ----------    --------          -------      -------  ---------------------  -------------------      -------      -------  ---------------------  -------------------  


------------------------------------------------------------------------------------------------
| User Ignored Path Table
| -----------------------
------------------------------------------------------------------------------------------------

Path Group    From Clock    To Clock    
----------    ----------    --------    


------------------------------------------------------------------------------------------------
| Unconstrained Path Table
| ------------------------
------------------------------------------------------------------------------------------------

Path Group    From Clock    To Clock    
----------    ----------    --------    
(none)                                    


------------------------------------------------------------------------------------------------
| Timing Details
| --------------
------------------------------------------------------------------------------------------------


--------------------------------------------------------------------------------------
Path Group:  (none)
From Clock:  
  To Clock:  

Max Delay            16 Endpoints
Min Delay            16 Endpoints
--------------------------------------------------------------------------------------


Max Delay Paths
--------------------------------------------------------------------------------------
Slack:                    inf
  Source:                 count_reg[1]/C
                            (rising edge-triggered cell FDCE)
  Destination:            count[1]
                            (output port)
  Path Group:             (none)
  Path Type:              Max at Slow Process Corner
  Data Path Delay:        4.337ns  (logic 2.651ns (61.114%)  route 1.687ns (38.886%))
  Logic Levels:           2  (FDCE=1 OBUF=1)

    Location             Delay type                Incr(ns)  Path(ns)    Netlist Resource(s)
  -------------------------------------------------------------------    -------------------
    SLICE_X47Y55         FDCE                         0.000     0.000 r  count_reg[1]/C
    SLICE_X47Y55         FDCE (Prop_fdce_C_Q)         0.246     0.246 r  count_reg[1]/Q
                         net (fo=5, routed)           1.687     1.933    count_OBUF[1]
    AP27                 OBUF (Prop_obuf_I_O)         2.405     4.337 r  count_OBUF[1]_inst/O
                         net (fo=0)                   0.000     4.337    count[1]
    AP27                                                              r  count[1]
  -------------------------------------------------------------------    -------------------

Slack:                    inf
  Source:                 count_reg[2]/C
                            (rising edge-triggered cell FDCE)
  Destination:            count[2]
                            (output port)
  Path Group:             (none)
  Path Type:              Max at Slow Process Corner
  Data Path Delay:        4.092ns  (logic 2.575ns (62.938%)  route 1.516ns (37.062%))
  Logic Levels:           2  (FDCE=1 OBUF=1)

    Location             Delay type                Incr(ns)  Path(ns)    Netlist Resource(s)
  -------------------------------------------------------------------    -------------------
    SLICE_X47Y55         FDCE                         0.000     0.000 r  count_reg[2]/C
    SLICE_X47Y55         FDCE (Prop_fdce_C_Q)         0.269     0.269 r  count_reg[2]/Q
                         net (fo=3, routed)           1.516     1.785    count_OBUF[2]
    AN27                 OBUF (Prop_obuf_I_O)         2.306     4.092 r  count_OBUF[2]_inst/O
                         net (fo=0)                   0.000     4.092    count[2]
    AN27                                                              r  count[2]
  -------------------------------------------------------------------    -------------------

Slack:                    inf
  Source:                 count_reg[0]/C
                            (rising edge-triggered cell FDCE)
  Destination:            count[0]
                            (output port)
  Path Group:             (none)
  Path Type:              Max at Slow Process Corner
  Data Path Delay:        4.077ns  (logic 2.511ns (61.599%)  route 1.566ns (38.401%))
  Logic Levels:           2  (FDCE=1 OBUF=1)

    Location             Delay type                Incr(ns)  Path(ns)    Netlist Resource(s)
  -------------------------------------------------------------------    -------------------
    SLICE_X47Y55         FDCE                         0.000     0.000 r  count_reg[0]/C
    SLICE_X47Y55         FDCE (Prop_fdce_C_Q)         0.269     0.269 r  count_reg[0]/Q
                         net (fo=5, routed)           1.566     1.835    count_OBUF[0]
    AF24                 OBUF (Prop_obuf_I_O)         2.242     4.077 r  count_OBUF[0]_inst/O
                         net (fo=0)                   0.000     4.077    count[0]
    AF24                                                              r  count[0]
  -------------------------------------------------------------------    -------------------

Slack:                    inf
  Source:                 count_reg[3]/C
                            (rising edge-triggered cell FDCE)
  Destination:            count[3]
                            (output port)
  Path Group:             (none)
  Path Type:              Max at Slow Process Corner
  Data Path Delay:        3.960ns  (logic 2.571ns (64.938%)  route 1.388ns (35.062%))
  Logic Levels:           2  (FDCE=1 OBUF=1)

    Location             Delay type                Incr(ns)  Path(ns)    Netlist Resource(s)
  -------------------------------------------------------------------    -------------------
    SLICE_X47Y55         FDCE                         0.000     0.000 r  count_reg[3]/C
    SLICE_X47Y55         FDCE (Prop_fdce_C_Q)         0.269     0.269 r  count_reg[3]/Q
                         net (fo=2, routed)           1.388     1.657    count_OBUF[3]
    AP26                 OBUF (Prop_obuf_I_O)         2.302     3.960 r  count_OBUF[3]_inst/O
                         net (fo=0)                   0.000     3.960    count[3]
    AP26                                                              r  count[3]
  -------------------------------------------------------------------    -------------------

Slack:                    inf
  Source:                 up_down
                            (input port)
  Destination:            count_reg[1]/D
  Path Group:             (none)
  Path Type:              Max at Slow Process Corner
  Data Path Delay:        2.503ns  (logic 0.798ns (31.886%)  route 1.705ns (68.114%))
  Logic Levels:           2  (IBUF=1 LUT5=1)

    Location             Delay type                Incr(ns)  Path(ns)    Netlist Resource(s)
  -------------------------------------------------------------------    -------------------
    AM27                                              0.000     0.000 r  up_down
                         net (fo=0)                   0.000     0.000    up_down
    AM27                 IBUF (Prop_ibuf_I_O)         0.730     0.730 r  up_down_IBUF_inst/O
                         net (fo=3, routed)           1.334     2.065    up_down_IBUF
    SLICE_X47Y55         LUT5 (Prop_lut5_I3_O)        0.068     2.133 r  count[1]_i_1/O
                         net (fo=1, routed)           0.371     2.503    p_0_in[1]
    SLICE_X47Y55         FDCE                                         r  count_reg[1]/D
  -------------------------------------------------------------------    -------------------

Slack:                    inf
  Source:                 up_down
                            (input port)
  Destination:            count_reg[3]/D
  Path Group:             (none)
  Path Type:              Max at Slow Process Corner
  Data Path Delay:        2.473ns  (logic 0.836ns (33.813%)  route 1.637ns (66.187%))
  Logic Levels:           3  (IBUF=1 LUT3=1 LUT6=1)

    Location             Delay type                Incr(ns)  Path(ns)    Netlist Resource(s)
  -------------------------------------------------------------------    -------------------
    AM27                                              0.000     0.000 r  up_down
                         net (fo=0)                   0.000     0.000    up_down
    AM27                 IBUF (Prop_ibuf_I_O)         0.730     0.730 r  up_down_IBUF_inst/O
                         net (fo=3, routed)           1.334     2.065    up_down_IBUF
    SLICE_X47Y55         LUT3 (Prop_lut3_I1_O)        0.053     2.118 r  count[3]_i_3/O
                         net (fo=1, routed)           0.302     2.420    count[3]_i_3_n_0
    SLICE_X47Y55         LUT6 (Prop_lut6_I2_O)        0.053     2.473 r  count[3]_i_2/O
                         net (fo=1, routed)           0.000     2.473    p_0_in[3]
    SLICE_X47Y55         FDCE                                         r  count_reg[3]/D
  -------------------------------------------------------------------    -------------------

Slack:                    inf
  Source:                 en
                            (input port)
  Destination:            count_reg[0]/CE
  Path Group:             (none)
  Path Type:              Max at Slow Process Corner
  Data Path Delay:        2.220ns  (logic 0.779ns (35.090%)  route 1.441ns (64.910%))
  Logic Levels:           2  (IBUF=1 LUT2=1)

    Location             Delay type                Incr(ns)  Path(ns)    Netlist Resource(s)
  -------------------------------------------------------------------    -------------------
    AM25                                              0.000     0.000 r  en
                         net (fo=0)                   0.000     0.000    en
    AM25                 IBUF (Prop_ibuf_I_O)         0.726     0.726 r  en_IBUF_inst/O
                         net (fo=1, routed)           1.194     1.920    en_IBUF
    SLICE_X47Y56         LUT2 (Prop_lut2_I0_O)        0.053     1.973 r  count[3]_i_1/O
                         net (fo=4, routed)           0.247     2.220    count[3]_i_1_n_0
    SLICE_X47Y55         FDCE                                         r  count_reg[0]/CE
  -------------------------------------------------------------------    -------------------

Slack:                    inf
  Source:                 en
                            (input port)
  Destination:            count_reg[1]/CE
  Path Group:             (none)
  Path Type:              Max at Slow Process Corner
  Data Path Delay:        2.220ns  (logic 0.779ns (35.090%)  route 1.441ns (64.910%))
  Logic Levels:           2  (IBUF=1 LUT2=1)

    Location             Delay type                Incr(ns)  Path(ns)    Netlist Resource(s)
  -------------------------------------------------------------------    -------------------
    AM25                                              0.000     0.000 r  en
                         net (fo=0)                   0.000     0.000    en
    AM25                 IBUF (Prop_ibuf_I_O)         0.726     0.726 r  en_IBUF_inst/O
                         net (fo=1, routed)           1.194     1.920    en_IBUF
    SLICE_X47Y56         LUT2 (Prop_lut2_I0_O)        0.053     1.973 r  count[3]_i_1/O
                         net (fo=4, routed)           0.247     2.220    count[3]_i_1_n_0
    SLICE_X47Y55         FDCE                                         r  count_reg[1]/CE
  -------------------------------------------------------------------    -------------------

Slack:                    inf
  Source:                 en
                            (input port)
  Destination:            count_reg[2]/CE
  Path Group:             (none)
  Path Type:              Max at Slow Process Corner
  Data Path Delay:        2.220ns  (logic 0.779ns (35.090%)  route 1.441ns (64.910%))
  Logic Levels:           2  (IBUF=1 LUT2=1)

    Location             Delay type                Incr(ns)  Path(ns)    Netlist Resource(s)
  -------------------------------------------------------------------    -------------------
    AM25                                              0.000     0.000 r  en
                         net (fo=0)                   0.000     0.000    en
    AM25                 IBUF (Prop_ibuf_I_O)         0.726     0.726 r  en_IBUF_inst/O
                         net (fo=1, routed)           1.194     1.920    en_IBUF
    SLICE_X47Y56         LUT2 (Prop_lut2_I0_O)        0.053     1.973 r  count[3]_i_1/O
                         net (fo=4, routed)           0.247     2.220    count[3]_i_1_n_0
    SLICE_X47Y55         FDCE                                         r  count_reg[2]/CE
  -------------------------------------------------------------------    -------------------

Slack:                    inf
  Source:                 en
                            (input port)
  Destination:            count_reg[3]/CE
  Path Group:             (none)
  Path Type:              Max at Slow Process Corner
  Data Path Delay:        2.220ns  (logic 0.779ns (35.090%)  route 1.441ns (64.910%))
  Logic Levels:           2  (IBUF=1 LUT2=1)

    Location             Delay type                Incr(ns)  Path(ns)    Netlist Resource(s)
  -------------------------------------------------------------------    -------------------
    AM25                                              0.000     0.000 r  en
                         net (fo=0)                   0.000     0.000    en
    AM25                 IBUF (Prop_ibuf_I_O)         0.726     0.726 r  en_IBUF_inst/O
                         net (fo=1, routed)           1.194     1.920    en_IBUF
    SLICE_X47Y56         LUT2 (Prop_lut2_I0_O)        0.053     1.973 r  count[3]_i_1/O
                         net (fo=4, routed)           0.247     2.220    count[3]_i_1_n_0
    SLICE_X47Y55         FDCE                                         r  count_reg[3]/CE
  -------------------------------------------------------------------    -------------------





Min Delay Paths
--------------------------------------------------------------------------------------
Slack:                    inf
  Source:                 count_reg[1]/C
                            (rising edge-triggered cell FDCE)
  Destination:            count_reg[3]/D
  Path Group:             (none)
  Path Type:              Min at Fast Process Corner
  Data Path Delay:        0.241ns  (logic 0.157ns (65.188%)  route 0.084ns (34.812%))
  Logic Levels:           2  (FDCE=1 LUT6=1)

    Location             Delay type                Incr(ns)  Path(ns)    Netlist Resource(s)
  -------------------------------------------------------------------    -------------------
    SLICE_X47Y55         FDCE                         0.000     0.000 r  count_reg[1]/C
    SLICE_X47Y55         FDCE (Prop_fdce_C_Q)         0.091     0.091 r  count_reg[1]/Q
                         net (fo=5, routed)           0.084     0.175    count_OBUF[1]
    SLICE_X47Y55         LUT6 (Prop_lut6_I3_O)        0.066     0.241 r  count[3]_i_2/O
                         net (fo=1, routed)           0.000     0.241    p_0_in[3]
    SLICE_X47Y55         FDCE                                         r  count_reg[3]/D
  -------------------------------------------------------------------    -------------------

Slack:                    inf
  Source:                 count_reg[2]/C
                            (rising edge-triggered cell FDCE)
  Destination:            count_reg[2]/D
  Path Group:             (none)
  Path Type:              Min at Fast Process Corner
  Data Path Delay:        0.280ns  (logic 0.128ns (45.778%)  route 0.152ns (54.222%))
  Logic Levels:           2  (FDCE=1 LUT6=1)

    Location             Delay type                Incr(ns)  Path(ns)    Netlist Resource(s)
  -------------------------------------------------------------------    -------------------
    SLICE_X47Y55         FDCE                         0.000     0.000 r  count_reg[2]/C
    SLICE_X47Y55         FDCE (Prop_fdce_C_Q)         0.100     0.100 r  count_reg[2]/Q
                         net (fo=3, routed)           0.152     0.252    count_OBUF[2]
    SLICE_X47Y55         LUT6 (Prop_lut6_I4_O)        0.028     0.280 r  count[2]_i_1/O
                         net (fo=1, routed)           0.000     0.280    p_0_in[2]
    SLICE_X47Y55         FDCE                                         r  count_reg[2]/D
  -------------------------------------------------------------------    -------------------

Slack:                    inf
  Source:                 count_reg[0]/C
                            (rising edge-triggered cell FDCE)
  Destination:            count_reg[0]/D
  Path Group:             (none)
  Path Type:              Min at Fast Process Corner
  Data Path Delay:        0.341ns  (logic 0.128ns (37.537%)  route 0.213ns (62.463%))
  Logic Levels:           2  (FDCE=1 LUT3=1)

    Location             Delay type                Incr(ns)  Path(ns)    Netlist Resource(s)
  -------------------------------------------------------------------    -------------------
    SLICE_X47Y55         FDCE                         0.000     0.000 r  count_reg[0]/C
    SLICE_X47Y55         FDCE (Prop_fdce_C_Q)         0.100     0.100 f  count_reg[0]/Q
                         net (fo=5, routed)           0.213     0.313    count_OBUF[0]
    SLICE_X47Y55         LUT3 (Prop_lut3_I2_O)        0.028     0.341 r  count[0]_i_1/O
                         net (fo=1, routed)           0.000     0.341    p_0_in[0]
    SLICE_X47Y55         FDCE                                         r  count_reg[0]/D
  -------------------------------------------------------------------    -------------------

Slack:                    inf
  Source:                 count_reg[1]/C
                            (rising edge-triggered cell FDCE)
  Destination:            count_reg[1]/D
  Path Group:             (none)
  Path Type:              Min at Fast Process Corner
  Data Path Delay:        0.467ns  (logic 0.162ns (34.667%)  route 0.305ns (65.333%))
  Logic Levels:           2  (FDCE=1 LUT5=1)

    Location             Delay type                Incr(ns)  Path(ns)    Netlist Resource(s)
  -------------------------------------------------------------------    -------------------
    SLICE_X47Y55         FDCE                         0.000     0.000 r  count_reg[1]/C
    SLICE_X47Y55         FDCE (Prop_fdce_C_Q)         0.091     0.091 r  count_reg[1]/Q
                         net (fo=5, routed)           0.163     0.254    count_OBUF[1]
    SLICE_X47Y55         LUT5 (Prop_lut5_I4_O)        0.071     0.325 r  count[1]_i_1/O
                         net (fo=1, routed)           0.143     0.467    p_0_in[1]
    SLICE_X47Y55         FDCE                                         r  count_reg[1]/D
  -------------------------------------------------------------------    -------------------

Slack:                    inf
  Source:                 rst
                            (input port)
  Destination:            count_reg[0]/CLR
  Path Group:             (none)
  Path Type:              Min at Fast Process Corner
  Data Path Delay:        0.691ns  (logic 0.150ns (21.736%)  route 0.541ns (78.264%))
  Logic Levels:           1  (IBUF=1)

    Location             Delay type                Incr(ns)  Path(ns)    Netlist Resource(s)
  -------------------------------------------------------------------    -------------------
    AN29                                              0.000     0.000 f  rst
                         net (fo=0)                   0.000     0.000    rst
    AN29                 IBUF (Prop_ibuf_I_O)         0.150     0.150 f  rst_IBUF_inst/O
                         net (fo=4, routed)           0.541     0.691    rst_IBUF
    SLICE_X47Y55         FDCE                                         f  count_reg[0]/CLR
  -------------------------------------------------------------------    -------------------

Slack:                    inf
  Source:                 rst
                            (input port)
  Destination:            count_reg[1]/CLR
  Path Group:             (none)
  Path Type:              Min at Fast Process Corner
  Data Path Delay:        0.691ns  (logic 0.150ns (21.736%)  route 0.541ns (78.264%))
  Logic Levels:           1  (IBUF=1)

    Location             Delay type                Incr(ns)  Path(ns)    Netlist Resource(s)
  -------------------------------------------------------------------    -------------------
    AN29                                              0.000     0.000 f  rst
                         net (fo=0)                   0.000     0.000    rst
    AN29                 IBUF (Prop_ibuf_I_O)         0.150     0.150 f  rst_IBUF_inst/O
                         net (fo=4, routed)           0.541     0.691    rst_IBUF
    SLICE_X47Y55         FDCE                                         f  count_reg[1]/CLR
  -------------------------------------------------------------------    -------------------

Slack:                    inf
  Source:                 rst
                            (input port)
  Destination:            count_reg[2]/CLR
  Path Group:             (none)
  Path Type:              Min at Fast Process Corner
  Data Path Delay:        0.691ns  (logic 0.150ns (21.736%)  route 0.541ns (78.264%))
  Logic Levels:           1  (IBUF=1)

    Location             Delay type                Incr(ns)  Path(ns)    Netlist Resource(s)
  -------------------------------------------------------------------    -------------------
    AN29                                              0.000     0.000 f  rst
                         net (fo=0)                   0.000     0.000    rst
    AN29                 IBUF (Prop_ibuf_I_O)         0.150     0.150 f  rst_IBUF_inst/O
                         net (fo=4, routed)           0.541     0.691    rst_IBUF
    SLICE_X47Y55         FDCE                                         f  count_reg[2]/CLR
  -------------------------------------------------------------------    -------------------

Slack:                    inf
  Source:                 rst
                            (input port)
  Destination:            count_reg[3]/CLR
  Path Group:             (none)
  Path Type:              Min at Fast Process Corner
  Data Path Delay:        0.691ns  (logic 0.150ns (21.736%)  route 0.541ns (78.264%))
  Logic Levels:           1  (IBUF=1)

    Location             Delay type                Incr(ns)  Path(ns)    Netlist Resource(s)
  -------------------------------------------------------------------    -------------------
    AN29                                              0.000     0.000 f  rst
                         net (fo=0)                   0.000     0.000    rst
    AN29                 IBUF (Prop_ibuf_I_O)         0.150     0.150 f  rst_IBUF_inst/O
                         net (fo=4, routed)           0.541     0.691    rst_IBUF
    SLICE_X47Y55         FDCE                                         f  count_reg[3]/CLR
  -------------------------------------------------------------------    -------------------

Slack:                    inf
  Source:                 load
                            (input port)
  Destination:            count_reg[0]/CE
  Path Group:             (none)
  Path Type:              Min at Fast Process Corner
  Data Path Delay:        0.815ns  (logic 0.182ns (22.291%)  route 0.633ns (77.709%))
  Logic Levels:           2  (IBUF=1 LUT2=1)

    Location             Delay type                Incr(ns)  Path(ns)    Netlist Resource(s)
  -------------------------------------------------------------------    -------------------
    AP29                                              0.000     0.000 r  load
                         net (fo=0)                   0.000     0.000    load
    AP29                 IBUF (Prop_ibuf_I_O)         0.154     0.154 r  load_IBUF_inst/O
                         net (fo=5, routed)           0.533     0.687    load_IBUF
    SLICE_X47Y56         LUT2 (Prop_lut2_I1_O)        0.028     0.715 r  count[3]_i_1/O
                         net (fo=4, routed)           0.100     0.815    count[3]_i_1_n_0
    SLICE_X47Y55         FDCE                                         r  count_reg[0]/CE
  -------------------------------------------------------------------    -------------------

Slack:                    inf
  Source:                 load
                            (input port)
  Destination:            count_reg[1]/CE
  Path Group:             (none)
  Path Type:              Min at Fast Process Corner
  Data Path Delay:        0.815ns  (logic 0.182ns (22.291%)  route 0.633ns (77.709%))
  Logic Levels:           2  (IBUF=1 LUT2=1)

    Location             Delay type                Incr(ns)  Path(ns)    Netlist Resource(s)
  -------------------------------------------------------------------    -------------------
    AP29                                              0.000     0.000 r  load
                         net (fo=0)                   0.000     0.000    load
    AP29                 IBUF (Prop_ibuf_I_O)         0.154     0.154 r  load_IBUF_inst/O
                         net (fo=5, routed)           0.533     0.687    load_IBUF
    SLICE_X47Y56         LUT2 (Prop_lut2_I1_O)        0.028     0.715 r  count[3]_i_1/O
                         net (fo=4, routed)           0.100     0.815    count[3]_i_1_n_0
    SLICE_X47Y55         FDCE                                         r  count_reg[1]/CE
  -------------------------------------------------------------------    -------------------





