#-----------------------------------------------------------
# Vivado v2026.1 (64-bit)
# SW Build 6511674 on Tue Jun 16 11:02:23 MDT 2026
# IP Build 6504888 on Tue Jun 09 09:05:25 MDT 2026
# SharedData Build 6501428 on Mon Jun 08 17:34:18 MDT 2026
# Start of session at: Sat Sep 12 23:04:08 2026
# Process ID         : 5224
# Current directory  : D:/FPGA/D.Zavdanya/Les5/project_5/project_5.runs/impl_1
# Command line       : vivado.exe -log counter.vdi -applog -product Vivado -messageDb vivado.pb -mode batch -source counter.tcl -notrace
# Log file           : D:/FPGA/D.Zavdanya/Les5/project_5/project_5.runs/impl_1/counter.vdi
# Journal file       : D:/FPGA/D.Zavdanya/Les5/project_5/project_5.runs/impl_1\vivado.jou
# Running On         : DESKTOP-RD28RJ2
# Platform           : Windows 10
# Operating System   : 19045
# Processor Detail   : Intel(R) Pentium(R) CPU G840 @ 2.80GHz
# CPU Frequency      : 2794 MHz
# CPU Physical cores : 2
# CPU Logical cores  : 2
# Host memory        : 10699 MB
# Swap memory        : 3189 MB
# Total Virtual      : 13889 MB
# Available Virtual  : 6053 MB
#-----------------------------------------------------------
source counter.tcl -notrace
